MO Top_snake NULL Top_snake.vf vlg60/_top__snake.bin 1452584561
MO moving_snake NULL m_snake.v vlg75/moving__snake.bin 1452584561
MO transform NULL transform.v vlg3C/transform.bin 1452584561
MO vga_256 NULL VGA.v vlg4E/vga__256.bin 1452584561
MO Anti_jitter NULL Anti_jitter.v vlg0D/_anti__jitter.bin 1452584561
